[backblue.gif]
[fade.gif]
[index.html]
[cdnjs.cloudflare.com/ajax/libs/font-awesome/6.2.1/css/all.min.css]
[cdn.jsdelivr.net/npm/slick-carousel@1.8.1/slick/slick.css]
[code.jquery.com/ui/1.12.0/themes/base/jquery-ui.css]
[www.google.com/recaptcha/api.js]
[ajax.googleapis.com/ajax/libs/jquery/1.12.4/jquery.min.js]
[maxcdn.bootstrapcdn.com/bootstrap/3.3.7/js/bootstrap.min.js]
[kit.fontawesome.com/c00a39a895.js]
[app.interakt.ai/kiwi-sdk/kiwi-sdk-17-prod-minec92.js]
[connect.facebook.net/en_US/fbevents.js]
[www.atlasumrah.com/assets/frontend_end/images/logo.png]
[www.atlasumrah.com/assets/frontend_end/images/umrahpackImg/ramadan-umrah.jpg]
[www.atlasumrah.com/assets/frontend_end/images/umrahpackImg/budget-umrah.jpg]
[www.atlasumrah.com/assets/frontend_end/images/umrahpackImg/deluxe-umrah.jpg]
[www.atlasumrah.com/assets/frontend_end/images/icons/f1.png]
[www.atlasumrah.com/assets/frontend_end/images/icons/f2.png]
[www.atlasumrah.com/assets/frontend_end/images/icons/f3.png]
[www.atlasumrah.com/assets/frontend_end/images/icons/f4.png]
[www.atlasumrah.com/assets/frontend_end/images/icons/f5.png]
[www.atlasumrah.com/assets/frontend_end/images/icons/f6.png]
[www.atlasumrah.com/img/partner-logos/aihotua.jpg]
[www.atlasumrah.com/img/partner-logos/iata.jpg]
[www.atlasumrah.com/img/partner-logos/maqam.jpg]
[www.atlasumrah.com/img/partner-logos/ministry-of-hajj-and-umrah.jpg]
[www.atlasumrah.com/img/partner-logos/ministry-of-tourism.jpg]
[www.atlasumrah.com/img/partner-logos/nusuk.jpg]
[www.atlasumrah.com/img/partner-logos/saudi-tourism-authority.jpg]
[www.atlasumrah.com/img/partner-logos/tafi.jpg]
[www.atlasumrah.com/img/partner-logos/tafl.jpg]
[www.atlasumrah.com/img/testimonials/1.png]
[www.atlasumrah.com/img/icons/credit-card-bar.png]
[www.atlasumrah.com/assets/frontend_end/images/logo/atlas.png]
[www.atlasumrah.com/js/footer.js]
[www.atlasumrah.com/assets/frontend_end/libs/jquery/jquery-2.2.3.min.js]
[www.atlasumrah.com/assets/frontend_end/libs/bootstrap/js/bootstrap.min.js]
[www.atlasumrah.com/assets/frontend_end/libs/detect-browser/browser.js]
[www.atlasumrah.com/assets/frontend_end/libs/smooth-scroll/jquery-smoothscroll.js]
[www.atlasumrah.com/assets/frontend_end/libs/wow-js/wow.min.js]
[www.atlasumrah.com/assets/frontend_end/libs/selectbox/js/jquery.selectbox-0.2.js]
[www.atlasumrah.com/js/captcha.js]
[cdn.jsdelivr.net/npm/slick-carousel@1.8.1/slick/slick.min.js]
[www.atlasumrah.com/assets/frontend_end/js/form/jquery.form.min.js]
[www.atlasumrah.com/assets/frontend_end/js/form/jquery.validate.min.js]
[snap.licdn.com/li.lms-analytics/insight.min.js]
[code.jquery.com/ui/1.12.1/themes/base/jquery-ui.css]
[code.jquery.com/ui/1.12.1/jquery-ui.js]
[www.atlasumrah.com/js/custom.js]
[www.atlasumrah.com/index.html]
[www.googletagmanager.com/gtm5445.html]
[cdnjs.cloudflare.com/ajax/libs/font-awesome/6.2.1/css/all.min.css]
[www.atlasumrah.com/assets/frontend_end/font/font-icon/font-flaticon/flaticon.eot]
[www.atlasumrah.com/assets/frontend_end/font/font-icon/font-flaticon/flaticond41dd41d.eot]
[www.atlasumrah.com/assets/frontend_end/font/font-icon/font-flaticon/flaticon.woff]
[www.atlasumrah.com/assets/frontend_end/font/font-icon/font-flaticon/flaticon.ttf]
[www.atlasumrah.com/assets/frontend_end/font/font-icon/font-flaticon/flaticon.css]
[www.atlasumrah.com/assets/frontend_end/libs/bootstrap/fonts/glyphicons-halflings-regular.eot]
[www.atlasumrah.com/assets/frontend_end/libs/bootstrap/fonts/glyphicons-halflings-regulard41dd41d.eot]
[www.atlasumrah.com/assets/frontend_end/libs/bootstrap/fonts/glyphicons-halflings-regular.html]
[www.atlasumrah.com/assets/frontend_end/libs/bootstrap/fonts/glyphicons-halflings-regular.woff]
[www.atlasumrah.com/assets/frontend_end/libs/bootstrap/fonts/glyphicons-halflings-regular.ttf]
[www.atlasumrah.com/assets/frontend_end/libs/bootstrap/css/bootstrap.min.css]
[www.atlasumrah.com/assets/frontend_end/libs/animate/animate.css]
[www.atlasumrah.com/assets/frontend_end/libs/slick-slider/slick.css]
[www.atlasumrah.com/assets/frontend_end/libs/slick-slider/ajax-loader.gif]
[www.atlasumrah.com/assets/frontend_end/libs/slick-slider/fonts/slick.eot]
[www.atlasumrah.com/assets/frontend_end/libs/slick-slider/fonts/slickd41dd41d.eot]
[www.atlasumrah.com/assets/frontend_end/libs/slick-slider/fonts/slick.woff]
[www.atlasumrah.com/assets/frontend_end/libs/slick-slider/fonts/slick.ttf]
[www.atlasumrah.com/assets/frontend_end/libs/slick-slider/slick-theme.css]
[www.atlasumrah.com/assets/frontend_end/libs/selectbox/img/select-icons.png]
[www.atlasumrah.com/assets/frontend_end/libs/selectbox/css/jquery.selectbox.css]
[www.atlasumrah.com/assets/frontend_end/libs/please-wait/please-wait.css]
[www.atlasumrah.com/assets/frontend_end/images/menubg.jpg]
[www.atlasumrah.com/assets/frontend_end/images/icons/ok.png]
[www.atlasumrah.com/assets/frontend_end/images/icons/msg.png]
[www.atlasumrah.com/assets/frontend_end/images/background/num-bg.png]
[www.atlasumrah.com/assets/frontend_end/images/icons/design.png]
[www.atlasumrah.com/assets/frontend_end/images/icon-check2.png]
[www.atlasumrah.com/assets/frontend_end/images/arrow.png]
[www.atlasumrah.com/assets/frontend_end/images/icons/shadow.png]
[openclipart.org/image/2400px/svg_to_png/19481/shokunin-world-map-more-detail.png]
[www.atlasumrah.com/assets/frontend_end/images/background/tour-view.jpg]
[www.atlasumrah.com/assets/frontend_end/images/background/baghdad.jpg]
[www.atlasumrah.com/assets/frontend_end/images/domestic/family/rajasthanbg.jpg]
[www.atlasumrah.com/assets/frontend_end/images/breadcrumb/moneyExchange.jpg]
[www.atlasumrah.com/assets/frontend_end/images/breadcrumb/visa.jpg]
[www.atlasumrah.com/assets/frontend_end/images/breadcrumb/airTicketing.jpg]
[www.atlasumrah.com/assets/frontend_end/images/hospitality/hotelBg.jpg]
[www.atlasumrah.com/assets/frontend_end/images/background/himachal.jpg]
[www.atlasumrah.com/assets/frontend_end/images/background/karnatakaBg.jpg]
[www.atlasumrah.com/assets/frontend_end/images/Quotes_icon.png]
[www.atlasumrah.com/assets/frontend_end/images/map.png]
[www.atlasumrah.com/assets/frontend_end/images/popupimg.jpg]
[www.atlasumrah.com/assets/frontend_end/images/icons/packageB.png]
[www.atlasumrah.com/assets/frontend_end/images/icons/airlineB.png]
[www.atlasumrah.com/assets/frontend_end/images/icons/group_package.png]
[www.atlasumrah.com/assets/frontend_end/images/icons/hoteB.png]
[www.atlasumrah.com/assets/frontend_end/images/background/minara.png]
[www.atlasumrah.com/assets/frontend_end/images/icons/quintB.png]
[www.atlasumrah.com/assets/frontend_end/images/icons/quadB.png]
[www.atlasumrah.com/assets/frontend_end/images/icons/tripleB.png]
[www.atlasumrah.com/assets/frontend_end/images/icons/twinB.png]
[www.atlasumrah.com/assets/frontend_end/images/icons/textBorB.png]
[www.atlasumrah.com/assets/frontend_end/images/family.png]
[www.atlasumrah.com/assets/frontend_end/images/honeymoon.png]
[www.atlasumrah.com/assets/frontend_end/images/adventure.png]
[www.atlasumrah.com/assets/frontend_end/images/concludeBg.jpg]
[www.atlasumrah.com/assets/frontend_end/images/icons/quint.png]
[www.atlasumrah.com/assets/frontend_end/images/icons/quad.png]
[www.atlasumrah.com/assets/frontend_end/images/icons/triple.png]
[www.atlasumrah.com/assets/frontend_end/images/icons/twin.png]
[www.atlasumrah.com/assets/frontend_end/images/background/tour-view-2.jpg]
[www.atlasumrah.com/assets/frontend_end/images/icons/borderblue.jpg]
[www.atlasumrah.com/assets/frontend_end/css/custom.css]
[www.atlasumrah.com/assets/frontend_end/images/background/homepage-default-banner.jpg]
[www.atlasumrah.com/assets/frontend_end/images/background/homepage-04-banner.jpg]
[www.atlasumrah.com/assets/frontend_end/images/background/hotel-view-banner.jpg]
[www.atlasumrah.com/assets/frontend_end/images/bg-serch.jpg]
[www.atlasumrah.com/assets/frontend_end/images/background/homepage-03-banner.jpg]
[www.atlasumrah.com/assets/frontend_end/images/background/bg-section-tour.jpg]
[www.atlasumrah.com/assets/frontend_end/images/background/vd-bg1.png]
[www.atlasumrah.com/assets/frontend_end/images/background/callus-bg.png]
[image.shutterstock.com/shutterstock/photos/374323369/display_1500/stock-photo-beautiful-sunset-with-camels-silhouettes-in-dunes-at-desert-jaisalmer-india-374323369.jpg]
[www.atlasumrah.com/assets/frontend_end/images/background/bg-section-contact.jpg]
[www.atlasumrah.com/assets/frontend_end/images/background/bg-section-contact-2.jpg]
[www.atlasumrah.com/assets/frontend_end/images/background/tour-result.jpg]
[www.atlasumrah.com/assets/frontend_end/images/background/flight-result.jpg]
[www.atlasumrah.com/assets/frontend_end/images/background/hotel-result.jpg]
[www.atlasumrah.com/assets/frontend_end/images/background/cruises-result.jpg]
[www.atlasumrah.com/assets/frontend_end/images/background/car-rent-result.jpg]
[www.atlasumrah.com/assets/frontend_end/images/background/blog.jpg]
[www.atlasumrah.com/assets/frontend_end/images/background/blog-detail.jpg]
[www.atlasumrah.com/assets/frontend_end/images/background/contact.jpg]
[www.atlasumrah.com/assets/frontend_end/images/background/about-us.jpg]
[www.atlasumrah.com/assets/frontend_end/images/background/bg-footer-2.png]
[www.atlasumrah.com/assets/frontend_end/css/layout.css]
[www.atlasumrah.com/assets/frontend_end/css/captcha.css]
[www.atlasumrah.com/assets/frontend_end/images/background/bg-section-banner-2.jpg]
[www.atlasumrah.com/assets/frontend_end/images/background/bg-section-banner-3.png]
[www.atlasumrah.com/assets/frontend_end/images/background/about-us-1.jpg]
[www.atlasumrah.com/assets/frontend_end/images/tour-view/grid-images/bg-grid.png]
[www.atlasumrah.com/assets/frontend_end/images/background/bg-section-about-values.jpg]
[www.atlasumrah.com/assets/frontend_end/images/background/bg-section-about.jpg]
[www.atlasumrah.com/assets/frontend_end/images/background/bg-section-contact-form-1.jpg]
[www.atlasumrah.com/assets/frontend_end/images/background/bg-section-contact-map.jpg]
[www.atlasumrah.com/assets/frontend_end/images/background/bg-section-404.jpg]
[www.atlasumrah.com/assets/frontend_end/images/background/bg-section-404-2.png]
[www.atlasumrah.com/assets/frontend_end/images/background/bg-section-404-1.png]
[www.atlasumrah.com/assets/frontend_end/images/background/bg_404_Cloud-1.png]
[www.atlasumrah.com/assets/frontend_end/images/background/bg_404_Cloud-2.png]
[www.atlasumrah.com/assets/frontend_end/images/background/bg_404_Cloud-3.png]
[www.atlasumrah.com/assets/frontend_end/css/components.css]
[www.atlasumrah.com/assets/frontend_end/css/responsive.css]
[www.atlasumrah.com/assets/frontend_end/libs/nst-slider/css/jquery.nstSlider.min.css]
[www.atlasumrah.com/assets/frontend_end/libs/bootstrap-datepicker/css/bootstrap-datepicker.min.css]
[www.atlasumrah.com/assets/frontend_end/owl-carousel/owl.carousel.css]
[www.atlasumrah.com/assets/frontend_end/owl-carousel/AjaxLoader.gif]
[www.atlasumrah.com/assets/frontend_end/owl-carousel/owl.theme.css]
[cdn.jsdelivr.net/npm/slick-carousel@1.8.1/slick/slick.css]
[www.atlasumrah.com/css/custom.css]
[www.atlasumrah.com/plugins/image-tam-carousel/TAMcarousel/TAMcarousel.css]
[code.jquery.com/ui/1.12.0/themes/base/images/ui-icons_444444_256x240.png]
[code.jquery.com/ui/1.12.0/themes/base/images/ui-icons_777777_256x240.png]
[code.jquery.com/ui/1.12.0/themes/base/images/ui-icons_555555_256x240.png]
[code.jquery.com/ui/1.12.0/themes/base/images/ui-icons_ffffff_256x240.png]
[code.jquery.com/ui/1.12.0/themes/base/images/ui-icons_777620_256x240.png]
[code.jquery.com/ui/1.12.0/themes/base/images/ui-icons_cc0000_256x240.png]
[code.jquery.com/ui/1.12.0/themes/base/jquery-ui.css]
[connect.facebook.net/en_US/fbevents.js]
[www.atlasumrah.com/assets/frontend_end/images/umrah1.jpg]
[www.atlasumrah.com/img/icons/flight-icon.png]
[www.atlasumrah.com/img/icons/hotel-icon.png]
[www.atlasumrah.com/img/icons/meals-icon.png]
[www.atlasumrah.com/img/icons/transport-icon.png]
[www.atlasumrah.com/img/icons/sightseeing-icon.png]
[www.atlasumrah.com/img/icons/logo_visa.png]
[www.atlasumrah.com/img/icons/quadB.png]
[www.atlasumrah.com/img/icons/tripleB.png]
[www.atlasumrah.com/img/icons/twinB.png]
[www.atlasumrah.com/img/icons/makkah-icon.png]
[www.atlasumrah.com/img/icons/madina-icon.png]
[www.atlasumrah.com/img/icons/hotel-icon-grey.png]
[www.atlasumrah.com/img/icons/makkah-icon-grey.png]
[www.atlasumrah.com/img/icons/location-icon.png]
[www.atlasumrah.com/img/icons/ratings-icon.png]
[www.atlasumrah.com/assets/frontend_end/images/hotel-view/dar-al-eiman/dar-al-eiman1.jpg]
[www.atlasumrah.com/assets/frontend_end/images/hotel-view/dar-al-eiman/dar-al-eiman2.jpg]
[www.atlasumrah.com/assets/frontend_end/images/hotel-view/dar-al-eiman/dar-al-eiman3.jpg]
[www.atlasumrah.com/assets/frontend_end/images/hotel-view/dar-al-eiman/dar-al-eiman4.jpg]
[www.atlasumrah.com/assets/frontend_end/images/hotel-view/Luluat-Al-Sharq/loluat-al-shark.jpg]
[www.atlasumrah.com/assets/frontend_end/images/hotel-view/Luluat-Al-Sharq/loluat-al-shark1.jpg]
[www.atlasumrah.com/assets/frontend_end/images/hotel-view/Luluat-Al-Sharq/loluat-al-shark2.jpg]
[www.atlasumrah.com/assets/frontend_end/images/hotel-view/Luluat-Al-Sharq/loluat-al-shark3.jpg]
[www.atlasumrah.com/assets/frontend_end/images/hotel-view/Luluat-Al-Sharq/loluat-al-shark4.jpg]
[www.atlasumrah.com/assets/frontend_end/images/hotel-view/Luluat-Al-Sharq/loluat-al-shark5.jpg]
[www.atlasumrah.com/assets/frontend_end/images/hotel-view/jawharat-al-fayroz/jawharat-al-fayroz1.jpg]
[www.atlasumrah.com/assets/frontend_end/images/hotel-view/jawharat-al-fayroz/jawharat-al-fayroz2.jpg]
[www.atlasumrah.com/assets/frontend_end/images/hotel-view/jawharat-al-fayroz/jawharat-al-fayroz3.jpg]
[www.atlasumrah.com/assets/frontend_end/images/hotel-view/jawharat-al-fayroz/jawharat-al-fayroz4.jpg]
[www.atlasumrah.com/assets/frontend_end/images/hotel-view/jawharat-al-fayroz/jawharat-al-fayroz5.jpg]
[www.atlasumrah.com/assets/frontend_end/images/hotel-view/azka-al-safa/new/1.jpg]
[www.atlasumrah.com/assets/frontend_end/images/hotel-view/azka-al-safa/new/2.jpg]
[www.atlasumrah.com/assets/frontend_end/images/hotel-view/azka-al-safa/new/3.jpg]
[www.atlasumrah.com/assets/frontend_end/images/hotel-view/azka-al-safa/new/4.jpg]
[www.atlasumrah.com/assets/frontend_end/images/hotel-view/azka-al-safa/new/5.jpg]
[www.atlasumrah.com/assets/frontend_end/images/hotel-view/azka-al-safa/new/6.jpg]
[www.atlasumrah.com/assets/frontend_end/images/hotel-view/azka-al-safa/new/7.jpg]
[www.atlasumrah.com/assets/frontend_end/images/hotel-view/azka-al-safa/new/8.jpg]
[www.atlasumrah.com/assets/frontend_end/images/hotel-view/azka-al-safa/new/9.jpg]
[www.atlasumrah.com/assets/frontend_end/images/hotel-view/azka-al-safa/new/10.jpg]
[www.atlasumrah.com/img/logos/vistara-airlines.png]
[www.atlasumrah.com/img/logos/air-india.png]
[www.atlasumrah.com/img/logos/saudi-airlines.png]
[www.atlasumrah.com/img/logos/indigo.png]
[www.atlasumrah.com/assets/frontend_end/images/icons/name.png]
[www.atlasumrah.com/assets/frontend_end/images/icons/emailB.png]
[www.atlasumrah.com/assets/frontend_end/images/icons/phoneB.png]
[www.atlasumrah.com/assets/frontend_end/images/icons/calendarB.png]
[www.atlasumrah.com/js/umrah-packages.js]
[www.atlasumrah.com/umrah-packages-from-mumbai-2022.html]
[www.atlasumrah.com/umrah-packages-from-bangalore-2022.html]
[www.atlasumrah.com/umrah-packages-from-ahmedabad-2022.html]
[www.atlasumrah.com/hajj-from-mumbai-2023.html]
[www.atlasumrah.com/hajj-from-bangalore-2023.html]
[www.atlasumrah.com/hajj-from-ahmedabad-2023.html]
[www.atlasumrah.com/ziyarat.html]
[www.atlasumrah.com/ramzaan-umrah-packages-from-mumbai-2023.html]
[www.atlasumrah.com/ramzaan-umrah-packages-from-bangalore-2023.html]
[www.atlasumrah.com/ramzaan-umrah-packages-from-ahmedabad-2023.html]
[www.atlasumrah.com/js/contact-us.js]
[www.atlasumrah.com/assets/frontend_end/js/filter/jquery.isotope.min.js]
[www.atlasumrah.com/contact-us.html]
[www.atlasumrah.com/staging/assets/frontend_end/images/logo.png]
[www.atlasumrah.com/staging/assets/frontend_end/images/umrah1.jpg]
[www.atlasumrah.com/staging/img/icons/flight-icon.png]
[www.atlasumrah.com/staging/img/icons/hotel-icon.png]
[www.atlasumrah.com/staging/img/icons/meals-icon.png]
[www.atlasumrah.com/staging/img/icons/transport-icon.png]
[www.atlasumrah.com/staging/img/icons/sightseeing-icon.png]
[www.atlasumrah.com/staging/img/icons/logo_visa.png]
[www.atlasumrah.com/staging/img/icons/quadB.png]
[www.atlasumrah.com/staging/img/icons/tripleB.png]
[www.atlasumrah.com/staging/img/icons/twinB.png]
[www.atlasumrah.com/staging/img/icons/makkah-icon.png]
[www.atlasumrah.com/staging/img/icons/madina-icon.png]
[www.atlasumrah.com/staging/img/icons/hotel-icon-grey.png]
[www.atlasumrah.com/staging/img/icons/makkah-icon-grey.png]
[www.atlasumrah.com/staging/img/icons/location-icon.png]
[www.atlasumrah.com/staging/img/icons/ratings-icon.png]
[www.atlasumrah.com/staging/assets/frontend_end/images/hotel-view/dar-al-eiman/dar-al-eiman1.jpg]
[www.atlasumrah.com/staging/assets/frontend_end/images/hotel-view/dar-al-eiman/dar-al-eiman2.jpg]
[www.atlasumrah.com/staging/assets/frontend_end/images/hotel-view/dar-al-eiman/dar-al-eiman3.jpg]
[www.atlasumrah.com/staging/assets/frontend_end/images/hotel-view/dar-al-eiman/dar-al-eiman4.jpg]
[www.atlasumrah.com/staging/assets/frontend_end/images/hotel-view/Luluat-Al-Sharq/loluat-al-shark.jpg]
[www.atlasumrah.com/staging/assets/frontend_end/images/hotel-view/Luluat-Al-Sharq/loluat-al-shark1.jpg]
[www.atlasumrah.com/staging/assets/frontend_end/images/hotel-view/Luluat-Al-Sharq/loluat-al-shark2.jpg]
[www.atlasumrah.com/staging/assets/frontend_end/images/hotel-view/Luluat-Al-Sharq/loluat-al-shark3.jpg]
[www.atlasumrah.com/staging/assets/frontend_end/images/hotel-view/Luluat-Al-Sharq/loluat-al-shark4.jpg]
[www.atlasumrah.com/staging/assets/frontend_end/images/hotel-view/Luluat-Al-Sharq/loluat-al-shark5.jpg]
[www.atlasumrah.com/staging/assets/frontend_end/images/hotel-view/jawharat-al-fayroz/jawharat-al-fayroz1.jpg]
[www.atlasumrah.com/staging/assets/frontend_end/images/hotel-view/jawharat-al-fayroz/jawharat-al-fayroz2.jpg]
[www.atlasumrah.com/staging/assets/frontend_end/images/hotel-view/jawharat-al-fayroz/jawharat-al-fayroz3.jpg]
[www.atlasumrah.com/staging/assets/frontend_end/images/hotel-view/jawharat-al-fayroz/jawharat-al-fayroz4.jpg]
[www.atlasumrah.com/staging/assets/frontend_end/images/hotel-view/jawharat-al-fayroz/jawharat-al-fayroz5.jpg]
[www.atlasumrah.com/staging/assets/frontend_end/images/hotel-view/azka-al-safa/new/1.jpg]
[www.atlasumrah.com/staging/assets/frontend_end/images/hotel-view/azka-al-safa/new/2.jpg]
[www.atlasumrah.com/staging/assets/frontend_end/images/hotel-view/azka-al-safa/new/3.jpg]
[www.atlasumrah.com/staging/assets/frontend_end/images/hotel-view/azka-al-safa/new/4.jpg]
[www.atlasumrah.com/staging/assets/frontend_end/images/hotel-view/azka-al-safa/new/5.jpg]
[www.atlasumrah.com/staging/assets/frontend_end/images/hotel-view/azka-al-safa/new/6.jpg]
[www.atlasumrah.com/staging/assets/frontend_end/images/hotel-view/azka-al-safa/new/7.jpg]
[www.atlasumrah.com/staging/assets/frontend_end/images/hotel-view/azka-al-safa/new/8.jpg]
[www.atlasumrah.com/staging/assets/frontend_end/images/hotel-view/azka-al-safa/new/9.jpg]
[www.atlasumrah.com/staging/assets/frontend_end/images/hotel-view/azka-al-safa/new/10.jpg]
[www.atlasumrah.com/staging/img/logos/vistara-airlines.png]
[www.atlasumrah.com/staging/img/logos/air-india.png]
[www.atlasumrah.com/staging/img/logos/saudi-airlines.png]
[www.atlasumrah.com/staging/img/logos/indigo.png]
[www.atlasumrah.com/staging/img/icons/credit-card-bar.png]
[www.atlasumrah.com/staging/assets/frontend_end/images/logo/atlas.png]
[www.atlasumrah.com/staging/js/footer.js]
[www.atlasumrah.com/staging/assets/frontend_end/images/icons/name.png]
[www.atlasumrah.com/staging/assets/frontend_end/images/icons/emailB.png]
[www.atlasumrah.com/staging/assets/frontend_end/images/icons/phoneB.png]
[www.atlasumrah.com/staging/assets/frontend_end/images/icons/calendarB.png]
[www.atlasumrah.com/staging/assets/frontend_end/libs/jquery/jquery-2.2.3.min.js]
[www.atlasumrah.com/staging/assets/frontend_end/libs/bootstrap/js/bootstrap.min.js]
[www.atlasumrah.com/staging/assets/frontend_end/libs/detect-browser/browser.js]
[www.atlasumrah.com/staging/assets/frontend_end/libs/smooth-scroll/jquery-smoothscroll.js]
[www.atlasumrah.com/staging/assets/frontend_end/libs/wow-js/wow.min.js]
[www.atlasumrah.com/staging/assets/frontend_end/libs/selectbox/js/jquery.selectbox-0.2.js]
[www.atlasumrah.com/staging/js/captcha.js]
[www.atlasumrah.com/staging/assets/frontend_end/js/form/jquery.form.min.js]
[www.atlasumrah.com/staging/assets/frontend_end/js/form/jquery.validate.min.js]
[www.atlasumrah.com/staging/js/custom.js]
[www.atlasumrah.com/staging/js/umrah-packages.js]
[www.atlasumrah.com/staging/umrah-packages-from-mumbai-2022.html]
[www.atlasumrah.com/css/footer.css]
[www.atlasumrah.com/umrah-packages-from-hyderabad-2022.html]
[snap.licdn.com/li.lms-analytics/insight.min.js]
[code.jquery.com/ui/1.12.1/themes/base/images/ui-icons_444444_256x240.png]
[code.jquery.com/ui/1.12.1/themes/base/images/ui-icons_555555_256x240.png]
[code.jquery.com/ui/1.12.1/themes/base/images/ui-icons_ffffff_256x240.png]
[code.jquery.com/ui/1.12.1/themes/base/images/ui-icons_777620_256x240.png]
[code.jquery.com/ui/1.12.1/themes/base/images/ui-icons_cc0000_256x240.png]
[code.jquery.com/ui/1.12.1/themes/base/images/ui-icons_777777_256x240.png]
[code.jquery.com/ui/1.12.1/themes/base/jquery-ui.css]
[www.atlasumrah.com/assets/frontend_end/font/font-icon/font-flaticon/flaticon.svg]
[www.atlasumrah.com/assets/frontend_end/libs/bootstrap/fonts/glyphicons-halflings-regular.html]
[www.atlasumrah.com/assets/frontend_end/libs/bootstrap/fonts/glyphicons-halflings-regular.svg]
[www.atlasumrah.com/assets/frontend_end/libs/slick-slider/fonts/slick.svg]
[www.atlasumrah.com/assets/frontend_end/images/icons/borBlue.html]
[www.atlasumrah.com/assets/frontend_end/images/homepage/btn-closevideo.html]
[www.atlasumrah.com/assets/frontend_end/images/homepage/cloud.html]
[www.atlasumrah.com/assets/frontend_end/owl-carousel/owl.video.play.html]
[www.atlasumrah.com/c.html]
[www.atlasumrah.com/b.html]
[www.atlasumrah.com/POST.html]
[www.atlasumrah.com/img/icons/red-cross.png]
[www.atlasumrah.com/assets/frontend_end/images/icons/hotel.png]
[www.atlasumrah.com/assets/frontend_end/images/icons/location.png]
[www.atlasumrah.com/assets/frontend_end/images/icons/ratings.png]
[www.atlasumrah.com/css/umrah-packages.css]
[www.atlasumrah.com/css/font/Poppins-Regular.ttf]
[www.atlasumrah.com/css/contact-us.css]
[www.atlasumrah.com/assets/frontend_end/js/filter/isotope.css]
[www.atlasumrah.com/staging/assets/frontend_end/font/font-icon/font-flaticon/flaticon.eot]
[www.atlasumrah.com/staging/assets/frontend_end/font/font-icon/font-flaticon/flaticond41dd41d.eot]
[www.atlasumrah.com/staging/assets/frontend_end/font/font-icon/font-flaticon/flaticon.woff]
[www.atlasumrah.com/staging/assets/frontend_end/font/font-icon/font-flaticon/flaticon.ttf]
[www.atlasumrah.com/staging/assets/frontend_end/font/font-icon/font-flaticon/flaticon.css]
[www.atlasumrah.com/staging/assets/frontend_end/libs/bootstrap/fonts/glyphicons-halflings-regular.eot]
[www.atlasumrah.com/staging/assets/frontend_end/libs/bootstrap/fonts/glyphicons-halflings-regulard41dd41d.eot]
[www.atlasumrah.com/staging/assets/frontend_end/libs/bootstrap/fonts/glyphicons-halflings-regular.html]
[www.atlasumrah.com/staging/assets/frontend_end/libs/bootstrap/fonts/glyphicons-halflings-regular.woff]
[www.atlasumrah.com/staging/assets/frontend_end/libs/bootstrap/fonts/glyphicons-halflings-regular.ttf]
[www.atlasumrah.com/staging/assets/frontend_end/libs/bootstrap/css/bootstrap.min.css]
[www.atlasumrah.com/staging/assets/frontend_end/libs/animate/animate.css]
[www.atlasumrah.com/staging/assets/frontend_end/libs/slick-slider/slick.css]
[www.atlasumrah.com/staging/assets/frontend_end/libs/slick-slider/ajax-loader.gif]
[www.atlasumrah.com/staging/assets/frontend_end/libs/slick-slider/fonts/slick.eot]
[www.atlasumrah.com/staging/assets/frontend_end/libs/slick-slider/fonts/slickd41dd41d.eot]
[www.atlasumrah.com/staging/assets/frontend_end/libs/slick-slider/fonts/slick.woff]
[www.atlasumrah.com/staging/assets/frontend_end/libs/slick-slider/fonts/slick.ttf]
[www.atlasumrah.com/staging/assets/frontend_end/libs/slick-slider/slick-theme.css]
[www.atlasumrah.com/staging/assets/frontend_end/libs/selectbox/img/select-icons.png]
[www.atlasumrah.com/staging/assets/frontend_end/libs/selectbox/css/jquery.selectbox.css]
[www.atlasumrah.com/staging/assets/frontend_end/libs/please-wait/please-wait.css]
[www.atlasumrah.com/staging/assets/frontend_end/images/menubg.jpg]
[www.atlasumrah.com/staging/assets/frontend_end/images/icons/ok.png]
[www.atlasumrah.com/staging/assets/frontend_end/images/icons/msg.png]
[www.atlasumrah.com/staging/assets/frontend_end/images/background/num-bg.png]
[www.atlasumrah.com/staging/assets/frontend_end/images/icons/design.png]
[www.atlasumrah.com/staging/assets/frontend_end/images/icon-check2.png]
[www.atlasumrah.com/staging/assets/frontend_end/images/arrow.png]
[www.atlasumrah.com/staging/assets/frontend_end/images/icons/shadow.png]
[www.atlasumrah.com/staging/assets/frontend_end/images/background/tour-view.jpg]
[www.atlasumrah.com/staging/assets/frontend_end/images/background/baghdad.jpg]
[www.atlasumrah.com/staging/assets/frontend_end/images/domestic/family/rajasthanbg.jpg]
[www.atlasumrah.com/staging/assets/frontend_end/images/breadcrumb/moneyExchange.jpg]
[www.atlasumrah.com/staging/assets/frontend_end/images/breadcrumb/visa.jpg]
[www.atlasumrah.com/staging/assets/frontend_end/images/breadcrumb/airTicketing.jpg]
[www.atlasumrah.com/staging/assets/frontend_end/images/hospitality/hotelBg.jpg]
[www.atlasumrah.com/staging/assets/frontend_end/images/background/himachal.jpg]
[www.atlasumrah.com/staging/assets/frontend_end/images/background/karnatakaBg.jpg]
[www.atlasumrah.com/staging/assets/frontend_end/images/Quotes_icon.png]
[www.atlasumrah.com/staging/assets/frontend_end/images/map.png]
[www.atlasumrah.com/staging/assets/frontend_end/images/popupimg.jpg]
[www.atlasumrah.com/staging/assets/frontend_end/images/icons/packageB.png]
[www.atlasumrah.com/staging/assets/frontend_end/images/icons/airlineB.png]
[www.atlasumrah.com/staging/assets/frontend_end/images/icons/group_package.png]
[www.atlasumrah.com/staging/assets/frontend_end/images/icons/hoteB.png]
[www.atlasumrah.com/staging/assets/frontend_end/images/background/minara.png]
[www.atlasumrah.com/staging/assets/frontend_end/images/icons/quintB.png]
[www.atlasumrah.com/staging/assets/frontend_end/images/icons/quadB.png]
[www.atlasumrah.com/staging/assets/frontend_end/images/icons/tripleB.png]
[www.atlasumrah.com/staging/assets/frontend_end/images/icons/twinB.png]
[www.atlasumrah.com/staging/assets/frontend_end/images/icons/textBorB.png]
[www.atlasumrah.com/staging/assets/frontend_end/images/family.png]
[www.atlasumrah.com/staging/assets/frontend_end/images/honeymoon.png]
[www.atlasumrah.com/staging/assets/frontend_end/images/adventure.png]
[www.atlasumrah.com/staging/assets/frontend_end/images/concludeBg.jpg]
[www.atlasumrah.com/staging/assets/frontend_end/images/icons/quint.png]
[www.atlasumrah.com/staging/assets/frontend_end/images/icons/quad.png]
[www.atlasumrah.com/staging/assets/frontend_end/images/icons/triple.png]
[www.atlasumrah.com/staging/assets/frontend_end/images/icons/twin.png]
[www.atlasumrah.com/staging/assets/frontend_end/images/background/tour-view-2.jpg]
[www.atlasumrah.com/staging/assets/frontend_end/images/icons/borderblue.jpg]
[www.atlasumrah.com/staging/assets/frontend_end/css/custom.css]
[www.atlasumrah.com/staging/assets/frontend_end/images/background/homepage-default-banner.jpg]
[www.atlasumrah.com/staging/assets/frontend_end/images/background/homepage-04-banner.jpg]
[www.atlasumrah.com/staging/assets/frontend_end/images/background/hotel-view-banner.jpg]
[www.atlasumrah.com/staging/assets/frontend_end/images/bg-serch.jpg]
[www.atlasumrah.com/staging/assets/frontend_end/images/background/homepage-03-banner.jpg]
[www.atlasumrah.com/staging/assets/frontend_end/images/background/bg-section-tour.jpg]
[www.atlasumrah.com/staging/assets/frontend_end/images/background/vd-bg1.png]
[www.atlasumrah.com/staging/assets/frontend_end/images/background/callus-bg.png]
[www.atlasumrah.com/staging/assets/frontend_end/images/background/bg-section-contact.jpg]
[www.atlasumrah.com/staging/assets/frontend_end/images/background/bg-section-contact-2.jpg]
[www.atlasumrah.com/staging/assets/frontend_end/images/background/tour-result.jpg]
[www.atlasumrah.com/staging/assets/frontend_end/images/background/flight-result.jpg]
[www.atlasumrah.com/staging/assets/frontend_end/images/background/hotel-result.jpg]
[www.atlasumrah.com/staging/assets/frontend_end/images/background/cruises-result.jpg]
[www.atlasumrah.com/staging/assets/frontend_end/images/background/car-rent-result.jpg]
[www.atlasumrah.com/staging/assets/frontend_end/images/background/blog.jpg]
[www.atlasumrah.com/staging/assets/frontend_end/images/background/blog-detail.jpg]
[www.atlasumrah.com/staging/assets/frontend_end/images/background/contact.jpg]
[www.atlasumrah.com/staging/assets/frontend_end/images/background/about-us.jpg]
[www.atlasumrah.com/staging/assets/frontend_end/images/background/bg-footer-2.png]
[www.atlasumrah.com/staging/assets/frontend_end/css/layout.css]
[www.atlasumrah.com/staging/assets/frontend_end/css/captcha.css]
[www.atlasumrah.com/staging/assets/frontend_end/images/background/bg-section-banner-2.jpg]
[www.atlasumrah.com/staging/assets/frontend_end/images/background/bg-section-banner-3.png]
[www.atlasumrah.com/staging/assets/frontend_end/images/background/about-us-1.jpg]
[www.atlasumrah.com/staging/assets/frontend_end/images/tour-view/grid-images/bg-grid.png]
[www.atlasumrah.com/staging/assets/frontend_end/images/background/bg-section-about-values.jpg]
[www.atlasumrah.com/staging/assets/frontend_end/images/background/bg-section-about.jpg]
[www.atlasumrah.com/staging/assets/frontend_end/images/background/bg-section-contact-form-1.jpg]
[www.atlasumrah.com/staging/assets/frontend_end/images/background/bg-section-contact-map.jpg]
[www.atlasumrah.com/staging/assets/frontend_end/images/background/bg-section-404.jpg]
[www.atlasumrah.com/staging/assets/frontend_end/images/background/bg-section-404-2.png]
[www.atlasumrah.com/staging/assets/frontend_end/images/background/bg-section-404-1.png]
[www.atlasumrah.com/staging/assets/frontend_end/images/background/bg_404_Cloud-1.png]
[www.atlasumrah.com/staging/assets/frontend_end/images/background/bg_404_Cloud-2.png]
[www.atlasumrah.com/staging/assets/frontend_end/images/background/bg_404_Cloud-3.png]
[www.atlasumrah.com/staging/assets/frontend_end/css/components.css]
[www.atlasumrah.com/staging/assets/frontend_end/css/responsive.css]
[www.atlasumrah.com/staging/assets/frontend_end/libs/nst-slider/css/jquery.nstSlider.min.css]
[www.atlasumrah.com/staging/assets/frontend_end/libs/bootstrap-datepicker/css/bootstrap-datepicker.min.css]
[www.atlasumrah.com/staging/assets/frontend_end/owl-carousel/owl.carousel.css]
[www.atlasumrah.com/staging/assets/frontend_end/owl-carousel/AjaxLoader.gif]
[www.atlasumrah.com/staging/assets/frontend_end/owl-carousel/owl.theme.css]
[www.atlasumrah.com/staging/css/custom.css]
[www.atlasumrah.com/staging/plugins/image-tam-carousel/TAMcarousel/TAMcarousel.css]
[www.atlasumrah.com/staging/img/icons/red-cross.png]
[www.atlasumrah.com/staging/assets/frontend_end/images/icons/hotel.png]
[www.atlasumrah.com/staging/assets/frontend_end/images/icons/location.png]
[www.atlasumrah.com/staging/assets/frontend_end/images/icons/ratings.png]
[www.atlasumrah.com/staging/css/umrah-packages.css]
[www.atlasumrah.com/staging/umrah-packages-from-bangalore-2022.html]
[www.atlasumrah.com/staging/umrah-packages-from-ahmedabad-2022.html]
[www.atlasumrah.com/staging/hajj-from-mumbai-2023.html]
[www.atlasumrah.com/staging/hajj-from-bangalore-2023.html]
[www.atlasumrah.com/staging/hajj-from-ahmedabad-2023.html]
[www.atlasumrah.com/staging/ziyarat.html]
[www.atlasumrah.com/staging/ramzaan-umrah-packages-from-mumbai-2023.html]
[www.atlasumrah.com/staging/ramzaan-umrah-packages-from-bangalore-2023.html]
[www.atlasumrah.com/staging/ramzaan-umrah-packages-from-ahmedabad-2023.html]
[www.atlasumrah.com/staging/js/contact-us.js]
[www.atlasumrah.com/staging/assets/frontend_end/js/filter/jquery.isotope.min.js]
[www.atlasumrah.com/staging/contact-us.html]
[www.atlasumrah.com/staging/css/footer.css]
[www.atlasumrah.com/staging/hotel_gallery5445.html]
[www.atlasumrah.com/oribili.html]
[www.atlasumrah.com/img/icons/green-tick.svg]
[www.atlasumrah.com/staging/assets/frontend_end/font/font-icon/font-flaticon/flaticon.svg]
[www.atlasumrah.com/staging/assets/frontend_end/libs/bootstrap/fonts/glyphicons-halflings-regular.html]
[www.atlasumrah.com/staging/assets/frontend_end/libs/bootstrap/fonts/glyphicons-halflings-regular.svg]
[www.atlasumrah.com/staging/assets/frontend_end/libs/slick-slider/fonts/slick.svg]
[www.atlasumrah.com/staging/assets/frontend_end/images/icons/borBlue.html]
[www.atlasumrah.com/staging/assets/frontend_end/images/homepage/btn-closevideo.html]
[www.atlasumrah.com/staging/assets/frontend_end/images/homepage/cloud.html]
[www.atlasumrah.com/staging/assets/frontend_end/owl-carousel/owl.video.play.html]
[www.atlasumrah.com/staging/img/icons/green-tick.svg]
[www.atlasumrah.com/staging/css/font/Poppins-Regular.ttf]
[www.atlasumrah.com/staging/css/contact-us.css]
[www.atlasumrah.com/staging/assets/frontend_end/js/filter/isotope.css]
[www.atlasumrah.com/hotel_gallery5445.html]
[www.dankiesan.com/images/background-dark-diagonal-lines.png]
